SQL> SET PAGESIZE 80
SQL> SET LINESIZE 100
SQL> 
SQL> /*********************************
SQL>  Assignment - Lab 12 Solution
SQL>  By Pasha Bolokhov
SQL>  Lab Section: 1B
SQL> **********************************/
SQL> 
SQL> /*** Step 1 Create NEW_STUDENTS ***/
SQL> CREATE TABLE NEW_STUDENTS (
  2  	    temp_id NUMBER(5),
  3  	    prog_id CHAR(4),
  4  	    fname VARCHAR2(25),
  5  	    lname VARCHAR2(25),
  6  	    reg_date DATE
  7  );

Table created.

SQL> 
SQL> /*** Step 2 Add columns ***/
SQL> ALTER TABLE NEW_STUDENTS
  2  	   ADD (
  3  		created_by VARCHAR2(30) CONSTRAINT created_by_nn NOT NULL,
  4  		created_date DATE DEFAULT SYSDATE
  5  	   );

Table altered.

SQL> 
SQL> 
SQL> /*** Step 3 Confirm additions ***/
SQL> DESCRIBE NEW_STUDENTS
 Name                                                  Null?    Type
 ----------------------------------------------------- -------- ------------------------------------
 TEMP_ID                                                        NUMBER(5)
 PROG_ID                                                        CHAR(4)
 FNAME                                                          VARCHAR2(25)
 LNAME                                                          VARCHAR2(25)
 REG_DATE                                                       DATE
 CREATED_BY                                            NOT NULL VARCHAR2(30)
 CREATED_DATE                                                   DATE

SQL> 
SQL> /*** Step 4 Confirm constraints for NEW_STUDENTS ***/
SQL> COLUMN TABLE_NAME FORMAT A20
SQL> COLUMN SEARCH_CONDITION FORMAT A32
SQL> COLUMN COLUMN_NAME FORMAT A16
SQL> COLUMN DATA_TYPE FORMAT A10
SQL> COLUMN DATA_DEFAULT FORMAT A12
SQL> SELECT CONSTRAINT_NAME, CONSTRAINT_TYPE, SEARCH_CONDITION
  2  	    FROM USER_CONSTRAINTS
  3  	    WHERE TABLE_NAME = 'NEW_STUDENTS';

CONSTRAINT_NAME                C SEARCH_CONDITION                                                   
------------------------------ - --------------------------------                                   
CREATED_BY_NN                  C "CREATED_BY" IS NOT NULL                                           

SQL> SELECT TABLE_NAME, COLUMN_NAME, DATA_TYPE, DATA_DEFAULT
  2  	    FROM USER_TAB_COLUMNS
  3  	    WHERE TABLE_NAME='NEW_STUDENTS' AND COLUMN_NAME='CREATED_DATE';

TABLE_NAME           COLUMN_NAME      DATA_TYPE  DATA_DEFAULT                                       
-------------------- ---------------- ---------- ------------                                       
NEW_STUDENTS         CREATED_DATE     DATE       SYSDATE                                            
                                                                                                    
                                                                                                    

SQL> 
SQL> /*** Step 5 Create PROGRAMMES ***/
SQL> CREATE TABLE PROGRAMMES (
  2  	    prog_id CHAR(4),
  3  	    prog_desc VARCHAR2(30)
  4  );

Table created.

SQL> 
SQL> /*** Step 6 Run insert script ***/
SQL> @inserts.sql
SQL> INSERT INTO new_students
  2  (temp_id,prog_id,fname,lname,reg_date, created_by)
  3  VALUES
  4  (9516, 'comp','Ted','Codd',sysdate,user);

1 row created.

SQL> 
SQL> INSERT INTO programmes
  2  (prog_id, prog_desc)
  3  VALUES
  4  ('comp','Computer Technology');

1 row created.

SQL> 
SQL> /*** Step 7 SELECT from created tables ***/
SQL> COLUMN fname FORMAT A12;
SQL> COLUMN lname FORMAT A12;
SQL> COLUMN created_by FORMAT A12;
SQL> SELECT * FROM NEW_STUDENTS;

   TEMP_ID PROG FNAME        LNAME        REG_DATE  CREATED_BY   CREATED_D                          
---------- ---- ------------ ------------ --------- ------------ ---------                          
      9516 comp Ted          Codd         03-MAR-15 BOLOKHOV     03-MAR-15                          

SQL> SELECT * FROM PROGRAMMES;

PROG PROG_DESC                                                                                      
---- ------------------------------                                                                 
comp Computer Technology                                                                            

SQL> 
SQL> /*** Step 8 Alter PROGRAMMES ***/
SQL> ALTER TABLE PROGRAMMES
  2  	   ADD CONSTRAINT prog_id_pk PRIMARY KEY (prog_id);

Table altered.

SQL> 
SQL> /*** Step 9 Alter NEW_STUDENTS ***/
SQL> ALTER TABLE NEW_STUDENTS
  2  	   ADD CONSTRAINT tempid_progid_pk PRIMARY KEY (temp_id, prog_id);

Table altered.

SQL> 
SQL> /*** Step 10 Add foreign key constraint ***/
SQL> ALTER TABLE NEW_STUDENTS
  2  	   ADD CONSTRAINT prog_id_fk FOREIGN KEY (prog_id) REFERENCES PROGRAMMES(prog_id);

Table altered.

SQL> 
SQL> /*** Step 11 Confirm constraints for new tables ***/
SQL> SELECT TABLE_NAME, CONSTRAINT_NAME, CONSTRAINT_TYPE, SEARCH_CONDITION
  2  	    FROM USER_CONSTRAINTS
  3  	    WHERE TABLE_NAME = 'NEW_STUDENTS' OR TABLE_NAME = 'PROGRAMMES';

TABLE_NAME           CONSTRAINT_NAME                C SEARCH_CONDITION                              
-------------------- ------------------------------ - --------------------------------              
NEW_STUDENTS         CREATED_BY_NN                  C "CREATED_BY" IS NOT NULL                      
NEW_STUDENTS         TEMPID_PROGID_PK               P                                               
NEW_STUDENTS         PROG_ID_FK                     R                                               
PROGRAMMES           PROG_ID_PK                     P                                               

SQL> 
SQL> /*** Step 12 Insert into NEW_STUDENTS ***/
SQL> INSERT INTO NEW_STUDENTS (temp_id, prog_id, fname, lname, reg_date, created_by)
  2  		 VALUES (9517, 'econ', 'Bill', 'Gates', SYSDATE, USER);
INSERT INTO NEW_STUDENTS (temp_id, prog_id, fname, lname, reg_date, created_by)
*
ERROR at line 1:
ORA-02291: integrity constraint (BOLOKHOV.PROG_ID_FK) violated - parent key not found 


SQL> 
SQL> /*** Step 13 Explain error ***/
SQL> PROMPT Error because Bill Gates did not study economy (or SQL) - only Basic
Error because Bill Gates did not study economy (or SQL) - only Basic
SQL> PROMPT He could not enrol into economy because of a FOREIGN KEY problem (prog_id 'econ' undef)
He could not enrol into economy because of a FOREIGN KEY problem (prog_id 'econ' undef)
SQL> PROMPT Would have been a lot different if he actually did
Would have been a lot different if he actually did
SQL> 
SQL> /*** Step 14 Add date constraint ***/
SQL> ALTER TABLE NEW_STUDENTS
  2  	   ADD CONSTRAINT dates_ck CHECK (reg_date >= TO_DATE('01-January-1997', 'DD-Month-YYYY'));

Table altered.

SQL> 
SQL> /*** Step 15 Test date constraint ***/
SQL> INSERT INTO NEW_STUDENTS (temp_id, prog_id, fname, lname, reg_date, created_by)
  2  		 VALUES (9519, 'comp', 'Grace', 'Hopper', '02-January-1948', USER);
INSERT INTO NEW_STUDENTS (temp_id, prog_id, fname, lname, reg_date, created_by)
*
ERROR at line 1:
ORA-02290: check constraint (BOLOKHOV.DATES_CK) violated 


SQL> 
SQL> /*** Step 16 List constraints for new tables ***/
SQL> SELECT TABLE_NAME, CONSTRAINT_NAME, CONSTRAINT_TYPE, SEARCH_CONDITION
  2  	    FROM USER_CONSTRAINTS
  3  	    WHERE TABLE_NAME = 'NEW_STUDENTS' OR TABLE_NAME = 'PROGRAMMES';

TABLE_NAME           CONSTRAINT_NAME                C SEARCH_CONDITION                              
-------------------- ------------------------------ - --------------------------------              
NEW_STUDENTS         CREATED_BY_NN                  C "CREATED_BY" IS NOT NULL                      
NEW_STUDENTS         TEMPID_PROGID_PK               P                                               
NEW_STUDENTS         PROG_ID_FK                     R                                               
NEW_STUDENTS         DATES_CK                       C reg_date >= TO_DATE('01-January-              
                                                      1997', 'DD-Month-YYYY')                       
                                                                                                    
PROGRAMMES           PROG_ID_PK                     P                                               

SQL> 
SQL> /*** Step 17 Clean up schema ***/
SQL> DROP TABLE NEW_STUDENTS PURGE;

Table dropped.

SQL> DROP TABLE PROGRAMMES PURGE;

Table dropped.

SQL> 
SQL> /*** Step 18 End ***/
SQL> 
SQL> SPOOL OFF
